MPLINK 4.38, Linker
Linker Map File - Created Sun Jun 04 20:30:43 2023

                                 Section Info
                  Section       Type    Address   Location Size(Bytes)
                ---------  ---------  ---------  ---------  ---------
                   .org_0       code   0x000000    program   0x000000
                   .org_1       code   0x000000    program   0x000004
                   .org_2       code   0x000004    program   0x000136
.config_2007_BUBBLESORT.O       code   0x002007    program   0x000002



                              Program Memory Usage 
                               Start         End      
                           ---------   ---------      
                            0x000000    0x000001      
                            0x000004    0x00009e      
                            0x002007    0x002007      
            158 out of 8454 program addresses used, program memory utilization is 1%



                              Symbols - Sorted by Name
                     Name    Address   Location    Storage File                     
                ---------  ---------  ---------  --------- ---------                
               Bubblesort   0x000013    program     static C:\Users\nsapr\OneDrive - Universidad de Montevideo\Semestre 3\SD\entregable3\Bubblesort.ASM
        Decrement_counter   0x000034    program     static C:\Users\nsapr\OneDrive - Universidad de Montevideo\Semestre 3\SD\entregable3\Bubblesort.ASM
                  Forloop   0x00001c    program     static C:\Users\nsapr\OneDrive - Universidad de Montevideo\Semestre 3\SD\entregable3\Bubblesort.ASM
         Load_TestVector0   0x00005e    program     static C:\Users\nsapr\OneDrive - Universidad de Montevideo\Semestre 3\SD\entregable3\Bubblesort.ASM
         Load_TestVector1   0x000073    program     static C:\Users\nsapr\OneDrive - Universidad de Montevideo\Semestre 3\SD\entregable3\Bubblesort.ASM
         Load_TestVector2   0x000098    program     static C:\Users\nsapr\OneDrive - Universidad de Montevideo\Semestre 3\SD\entregable3\Bubblesort.ASM
             Swap_a_and_b   0x00004f    program     static C:\Users\nsapr\OneDrive - Universidad de Montevideo\Semestre 3\SD\entregable3\Bubblesort.ASM
                Whileloop   0x000015    program     static C:\Users\nsapr\OneDrive - Universidad de Montevideo\Semestre 3\SD\entregable3\Bubblesort.ASM
                     fail   0x000038    program     static C:\Users\nsapr\OneDrive - Universidad de Montevideo\Semestre 3\SD\entregable3\Bubblesort.ASM
       i_is_at_Length_reg   0x00003a    program     static C:\Users\nsapr\OneDrive - Universidad de Montevideo\Semestre 3\SD\entregable3\Bubblesort.ASM
  i_is_at_less_Length_reg   0x00001d    program     static C:\Users\nsapr\OneDrive - Universidad de Montevideo\Semestre 3\SD\entregable3\Bubblesort.ASM
                     loop   0x000012    program     static C:\Users\nsapr\OneDrive - Universidad de Montevideo\Semestre 3\SD\entregable3\Bubblesort.ASM
                     main   0x000010    program     static C:\Users\nsapr\OneDrive - Universidad de Montevideo\Semestre 3\SD\entregable3\Bubblesort.ASM



                              Symbols - Sorted by Address
                     Name    Address   Location    Storage File                     
                ---------  ---------  ---------  --------- ---------                
                     main   0x000010    program     static C:\Users\nsapr\OneDrive - Universidad de Montevideo\Semestre 3\SD\entregable3\Bubblesort.ASM
                     loop   0x000012    program     static C:\Users\nsapr\OneDrive - Universidad de Montevideo\Semestre 3\SD\entregable3\Bubblesort.ASM
               Bubblesort   0x000013    program     static C:\Users\nsapr\OneDrive - Universidad de Montevideo\Semestre 3\SD\entregable3\Bubblesort.ASM
                Whileloop   0x000015    program     static C:\Users\nsapr\OneDrive - Universidad de Montevideo\Semestre 3\SD\entregable3\Bubblesort.ASM
                  Forloop   0x00001c    program     static C:\Users\nsapr\OneDrive - Universidad de Montevideo\Semestre 3\SD\entregable3\Bubblesort.ASM
  i_is_at_less_Length_reg   0x00001d    program     static C:\Users\nsapr\OneDrive - Universidad de Montevideo\Semestre 3\SD\entregable3\Bubblesort.ASM
        Decrement_counter   0x000034    program     static C:\Users\nsapr\OneDrive - Universidad de Montevideo\Semestre 3\SD\entregable3\Bubblesort.ASM
                     fail   0x000038    program     static C:\Users\nsapr\OneDrive - Universidad de Montevideo\Semestre 3\SD\entregable3\Bubblesort.ASM
       i_is_at_Length_reg   0x00003a    program     static C:\Users\nsapr\OneDrive - Universidad de Montevideo\Semestre 3\SD\entregable3\Bubblesort.ASM
             Swap_a_and_b   0x00004f    program     static C:\Users\nsapr\OneDrive - Universidad de Montevideo\Semestre 3\SD\entregable3\Bubblesort.ASM
         Load_TestVector0   0x00005e    program     static C:\Users\nsapr\OneDrive - Universidad de Montevideo\Semestre 3\SD\entregable3\Bubblesort.ASM
         Load_TestVector1   0x000073    program     static C:\Users\nsapr\OneDrive - Universidad de Montevideo\Semestre 3\SD\entregable3\Bubblesort.ASM
         Load_TestVector2   0x000098    program     static C:\Users\nsapr\OneDrive - Universidad de Montevideo\Semestre 3\SD\entregable3\Bubblesort.ASM


